
Map of Debug\uarttest.sm8 from link file Debug\uarttest.lkf - Tue Feb 07 19:34:45 2023


                               --------
                               Segments
                               --------

start 00008080 end 00008090 length    16 segment .const
start 00008099 end 0000866f length  1494 segment .text
start 00004000 end 00004000 length     0 segment .eeprom
start 00000000 end 00000001 length     1 segment .bsct, initialized
start 00008098 end 00008099 length     1 segment .bsct, from
start 00000001 end 0000002d length    44 segment .ubsct
start 0000002d end 0000002d length     0 segment .bit
start 0000002d end 0000002d length     0 segment .share
start 00000100 end 00000100 length     0 segment .data
start 00000100 end 00000100 length     0 segment .bss
start 00000000 end 000006d7 length  1751 segment .info.
start 00000000 end 00003226 length 12838 segment .debug
start 00008000 end 00008080 length   128 segment .const
start 00008090 end 00008098 length     8 segment .init


                               -------
                               Modules
                               -------

C:\Program Files (x86)\COSMIC\CXSTM8_EVAL\Lib\crtsi0.sm8:
start 00008099 end 000080e4 length    75 section .text
start 00000100 end 00000100 length     0 section .bss
start 00000001 end 00000001 length     0 section .ubsct
start 00000000 end 00000030 length    48 section .info.

Debug\stm8s_clk.o:
start 00000000 end 0000166f length  5743 section .debug
start 00000030 end 000000b2 length   130 section .info.
start 00008080 end 0000808c length    12 section .const
start ******** end ******** length     0 section .text *** removed ***
start ******** end ******** length     0 section .text *** removed ***
start ******** end ******** length     0 section .text *** removed ***
start ******** end ******** length     0 section .text *** removed ***
start ******** end ******** length     0 section .text *** removed ***
start ******** end ******** length     0 section .text *** removed ***
start ******** end ******** length     0 section .text *** removed ***
start ******** end ******** length     0 section .text *** removed ***
start ******** end ******** length     0 section .text *** removed ***
start ******** end ******** length     0 section .text *** removed ***
start 000080e4 end 000080f7 length    19 section .text
start ******** end ******** length     0 section .text *** removed ***
start ******** end ******** length     0 section .text *** removed ***
start ******** end ******** length     0 section .text *** removed ***
start ******** end ******** length     0 section .text *** removed ***
start ******** end ******** length     0 section .text *** removed ***
start ******** end ******** length     0 section .text *** removed ***
start 000080f7 end 0000816b length   116 section .text
start ******** end ******** length     0 section .text *** removed ***
start ******** end ******** length     0 section .text *** removed ***
start ******** end ******** length     0 section .text *** removed ***
start ******** end ******** length     0 section .text *** removed ***
start ******** end ******** length     0 section .text *** removed ***

Debug\stm8s_uart1.o:
start 0000166f end 00002a5b length  5100 section .debug
start 000000b2 end 00000136 length   132 section .info.
start 0000816b end 00008196 length    43 section .text
start 0000808c end 00008090 length     4 section .const
start 00008196 end 000082d6 length   320 section .text
start 000082d6 end 000082e4 length    14 section .text
start 000082e4 end 00008355 length   113 section .text
start ******** end ******** length     0 section .text *** removed ***
start ******** end ******** length     0 section .text *** removed ***
start ******** end ******** length     0 section .text *** removed ***
start ******** end ******** length     0 section .text *** removed ***
start ******** end ******** length     0 section .text *** removed ***
start ******** end ******** length     0 section .text *** removed ***
start ******** end ******** length     0 section .text *** removed ***
start ******** end ******** length     0 section .text *** removed ***
start ******** end ******** length     0 section .text *** removed ***
start 00008355 end 00008359 length     4 section .text
start ******** end ******** length     0 section .text *** removed ***
start 00008359 end 0000835d length     4 section .text
start ******** end ******** length     0 section .text *** removed ***
start ******** end ******** length     0 section .text *** removed ***
start ******** end ******** length     0 section .text *** removed ***
start ******** end ******** length     0 section .text *** removed ***
start ******** end ******** length     0 section .text *** removed ***
start 0000835d end 000083a0 length    67 section .text
start ******** end ******** length     0 section .text *** removed ***
start ******** end ******** length     0 section .text *** removed ***
start 000083a0 end 000083b0 length    16 section .text

Debug\clk.o:
start 00002a5b end 00002b0b length   176 section .debug
start 00000136 end 000001b2 length   124 section .info.
start 000083b0 end 000083b6 length     6 section .text

Debug\init.o:
start 00002b0b end 00002bb9 length   174 section .debug
start 000001b2 end 0000022f length   125 section .info.
start 000083b6 end 000083be length     8 section .text

Debug\interrupts.o:
start 00002bb9 end 00002cc7 length   270 section .debug
start 0000022f end 000002b2 length   131 section .info.
start 000083be end 000083e9 length    43 section .text
start 000083e9 end 00008411 length    40 section .text

Debug\main.o:
start 00002cc7 end 00002d75 length   174 section .debug
start 000002b2 end 0000032f length   125 section .info.
start 00008411 end 00008416 length     5 section .text

Debug\uart.o:
start 00000000 end 00000001 length     1 section .bsct
start 00000001 end 00000023 length    34 section .ubsct
start 00002d75 end 000030bb length   838 section .debug
start 0000032f end 000003ac length   125 section .info.
start 00008416 end 0000843f length    41 section .text
start 0000843f end 00008450 length    17 section .text
start 00008450 end 00008468 length    24 section .text
start ******** end ******** length     0 section .text *** removed ***
start 00008468 end 00008487 length    31 section .text
start 00008487 end 0000848b length     4 section .text
start 0000848b end 000084ae length    35 section .text

(C:\Program Files (x86)\COSMIC\CXSTM8_EVAL\Lib\libm0.sm8)llsh.o:
start 000084ae end 000084bd length    15 section .text
start 000003ac end 000003db length    47 section .info.

(C:\Program Files (x86)\COSMIC\CXSTM8_EVAL\Lib\libm0.sm8)lreg.o:
start 00000023 end 00000027 length     4 section .ubsct
start 000003db end 0000040a length    47 section .info.

(C:\Program Files (x86)\COSMIC\CXSTM8_EVAL\Lib\libm0.sm8)lsub.o:
start 000084bd end 000084d5 length    24 section .text
start 0000040a end 00000439 length    47 section .info.

(C:\Program Files (x86)\COSMIC\CXSTM8_EVAL\Lib\libm0.sm8)ltor.o:
start 000084d5 end 000084e7 length    18 section .text
start 00000439 end 00000468 length    47 section .info.

(C:\Program Files (x86)\COSMIC\CXSTM8_EVAL\Lib\libm0.sm8)ludiv.o:
start 000084e7 end 000084fb length    20 section .text
start 00000468 end 00000498 length    48 section .info.

(C:\Program Files (x86)\COSMIC\CXSTM8_EVAL\Lib\libm0.sm8)ldiv.o:
start 000084fb end 000085e6 length   235 section .text
start 00000498 end 000004c7 length    47 section .info.

(C:\Program Files (x86)\COSMIC\CXSTM8_EVAL\Lib\libm0.sm8)lgneg.o:
start 000085e6 end 000085f9 length    19 section .text
start 000004c7 end 000004f7 length    48 section .info.

(C:\Program Files (x86)\COSMIC\CXSTM8_EVAL\Lib\libm0.sm8)lneg.o:
start 000085f9 end 0000860e length    21 section .text
start 000004f7 end 00000526 length    47 section .info.

(C:\Program Files (x86)\COSMIC\CXSTM8_EVAL\Lib\libm0.sm8)lursh.o:
start 0000860e end 0000861d length    15 section .text
start 00000526 end 00000556 length    48 section .info.

(C:\Program Files (x86)\COSMIC\CXSTM8_EVAL\Lib\libm0.sm8)rtol.o:
start 0000861d end 0000862f length    18 section .text
start 00000556 end 00000585 length    47 section .info.

(C:\Program Files (x86)\COSMIC\CXSTM8_EVAL\Lib\libm0.sm8)smul.o:
start 0000862f end 0000866e length    63 section .text
start 00000585 end 000005b4 length    47 section .info.

(C:\Program Files (x86)\COSMIC\CXSTM8_EVAL\Lib\libm0.sm8)xreg.o:
start 00000027 end 0000002a length     3 section .ubsct
start 000005b4 end 000005e3 length    47 section .info.

(C:\Program Files (x86)\COSMIC\CXSTM8_EVAL\Lib\libm0.sm8)yreg.o:
start 0000002a end 0000002d length     3 section .ubsct
start 000005e3 end 00000612 length    47 section .info.

Debug\stm8_interrupt_vector.o:
start 000030bb end 00003226 length   363 section .debug
start 00000612 end 000006a0 length   142 section .info.
start 0000866e end 0000866f length     1 section .text
start 00008000 end 00008080 length   128 section .const


                             -----------
                             Stack usage
                             -----------

Debug\clk.o:
_clkInit                        5   (2)

Debug\init.o:
_init                          52   (2)

Debug\interrupts.o:
f_uartReceive8Interrupt    >   29   (12)
f_uartTxCompleteInterrupt  >   21   (12)

Debug\main.o:
_main                      >   54   (2)

Debug\stm8_interrupt_vector.o:
f_NonHandledInterrupt      >    6   (6)

Debug\stm8s_clk.o:
_CLK_GetClockFreq              25   (11)
_CLK_HSIPrescalerConfig         3   (3)

Debug\stm8s_uart1.o:
_UART1_ClearITPendingBit        2   (2)
_UART1_Cmd                      2   (2)
_UART1_DeInit                   2   (2)
_UART1_GetFlagStatus            5   (5)
_UART1_ITConfig                 7   (7)
_UART1_Init                    48   (23)
_UART1_ReceiveData8             2   (2)
_UART1_SendData8                2   (2)

Debug\uart.o:
_uartInit                      50   (2)
_uartReceive8                  17   (3)
_uartSendString                12   (4)
_uartStringReceived            14   (2)
_uartTransmit                   8   (3)
_uartTxComplete                 9   (2)

Stack size: 83


                              ---------
                              Call tree
                              ---------
   1 > __stext: (0)

   2 > _main: (2)
   3      + _init: (2)
   4      |    + _clkInit: (2)
   5      |    |    + _CLK_HSIPrescalerConfig: (3)
          |    | 
   6      |    + _uartInit: (2)
   7      |    |    + _UART1_Cmd: (2)
   8      |    |    + _UART1_DeInit: (2)
   9      |    |    + _UART1_ITConfig: (7)
  10      |    |    + _UART1_Init: (23)
  11      |    |    |    + _CLK_GetClockFreq: (11)
          |    |    | 
          |    | 
          | 
       
  12 > f_NonHandledInterrupt: (6)

  13 > f_uartReceive8Interrupt: (12)
  14      + _UART1_ClearITPendingBit: (2)
  15      + _UART1_ReceiveData8: (2)
  16      + _uartReceive8: (3)
  17      |    + _uartStringReceived: (2)
  18      |    |    + _uartSendString: (4)
  19      |    |    |    + _uartTransmit: (3)
  20      |    |    |    |    + _UART1_GetFlagStatus: (5)
  21      |    |    |    |    + _UART1_SendData8: (2)
          |    |    |    | 
          |    |    | 
          |    | 
          | 
       
  22 > f_uartTxCompleteInterrupt: (12)
  23      + _UART1_ClearITPendingBit --> 14
  24      + _uartTxComplete: (2)
  25      |    + _UART1_ITConfig --> 9
  26      |    + _UART1_SendData8 --> 21
          | 
       
  27   _CLK_GetClockFreq --> 11

  28   _CLK_HSIPrescalerConfig --> 5

  29   _UART1_ClearITPendingBit --> 14

  30   _UART1_Cmd --> 7

  31   _UART1_DeInit --> 8

  32   _UART1_GetFlagStatus --> 20

  33   _UART1_ITConfig --> 9

  34   _UART1_Init --> 10

  35   _UART1_ReceiveData8 --> 15

  36   _UART1_SendData8 --> 21

  37   _clkInit --> 4

  38   _init --> 3

  39   _uartInit --> 6

  40   _uartReceive8 --> 16

  41   _uartSendString --> 18

  42   _uartStringReceived --> 17

  43   _uartTransmit --> 19

  44   _uartTxComplete --> 24



                               -------
                               Symbols
                               -------

___uartBufferIndex               00000000   defined in Debug\uart.o section .bsct, initialized
___uartBuffer                    00000001   defined in Debug\uart.o section .ubsct
___strPtr                        00000021   defined in Debug\uart.o section .ubsct
c_lreg                           00000023   defined in (C:\Program Files (x86)\COSMIC\CXSTM8_EVAL\Lib\libm0.sm8)lreg.o section .ubsct
                                            used in Debug\stm8s_clk.o
                                                    Debug\stm8s_uart1.o
                                                    (C:\Program Files (x86)\COSMIC\CXSTM8_EVAL\Lib\libm0.sm8)llsh.o
                                                    (C:\Program Files (x86)\COSMIC\CXSTM8_EVAL\Lib\libm0.sm8)lsub.o
                                                    (C:\Program Files (x86)\COSMIC\CXSTM8_EVAL\Lib\libm0.sm8)ltor.o
                                                    (C:\Program Files (x86)\COSMIC\CXSTM8_EVAL\Lib\libm0.sm8)ldiv.o
                                                    (C:\Program Files (x86)\COSMIC\CXSTM8_EVAL\Lib\libm0.sm8)lneg.o
                                                    (C:\Program Files (x86)\COSMIC\CXSTM8_EVAL\Lib\libm0.sm8)lursh.o
                                                    (C:\Program Files (x86)\COSMIC\CXSTM8_EVAL\Lib\libm0.sm8)rtol.o
                                                    (C:\Program Files (x86)\COSMIC\CXSTM8_EVAL\Lib\libm0.sm8)smul.o
c_x                              00000027   defined in (C:\Program Files (x86)\COSMIC\CXSTM8_EVAL\Lib\libm0.sm8)xreg.o section .ubsct
                                            used in C:\Program Files (x86)\COSMIC\CXSTM8_EVAL\Lib\crtsi0.sm8
                                                    Debug\interrupts.o
                                                    (C:\Program Files (x86)\COSMIC\CXSTM8_EVAL\Lib\libm0.sm8)ldiv.o
c_y                              0000002a   defined in (C:\Program Files (x86)\COSMIC\CXSTM8_EVAL\Lib\libm0.sm8)yreg.o section .ubsct
                                            used in C:\Program Files (x86)\COSMIC\CXSTM8_EVAL\Lib\crtsi0.sm8
                                                    Debug\interrupts.o
__endzp                          0000002d   defined in command file section .ubsct
                                            used in C:\Program Files (x86)\COSMIC\CXSTM8_EVAL\Lib\crtsi0.sm8
__startmem                       00000100   defined in command file section .bss
                                            *** not used ***
__memory                         00000100   defined in command file section .bss
                                            used in C:\Program Files (x86)\COSMIC\CXSTM8_EVAL\Lib\crtsi0.sm8
__endmem                         000001ff   defined in command file
                                            *** not used ***
__stack                          000003ff   defined in command file
                                            used in C:\Program Files (x86)\COSMIC\CXSTM8_EVAL\Lib\crtsi0.sm8
__vectab                         00008000   defined in Debug\stm8_interrupt_vector.o section .const
_HSIDivFactor                    00008080   defined in Debug\stm8s_clk.o section .const
_CLKPrescTable                   00008084   defined in Debug\stm8s_clk.o section .const
__idesc__                        00008090   defined in linker section .init
                                            used in C:\Program Files (x86)\COSMIC\CXSTM8_EVAL\Lib\crtsi0.sm8
__stext                          00008099   defined in C:\Program Files (x86)\COSMIC\CXSTM8_EVAL\Lib\crtsi0.sm8 section .text
                                            used in Debug\stm8_interrupt_vector.o
_exit                            000080e2   defined in C:\Program Files (x86)\COSMIC\CXSTM8_EVAL\Lib\crtsi0.sm8 section .text
_CLK_DeInit                      ********   *** removed from Debug\stm8s_clk.o ***
_CLK_FastHaltWakeUpCmd           ********   *** removed from Debug\stm8s_clk.o ***
_CLK_HSECmd                      ********   *** removed from Debug\stm8s_clk.o ***
_CLK_HSICmd                      ********   *** removed from Debug\stm8s_clk.o ***
_CLK_LSICmd                      ********   *** removed from Debug\stm8s_clk.o ***
_CLK_CCOCmd                      ********   *** removed from Debug\stm8s_clk.o ***
_CLK_ClockSwitchCmd              ********   *** removed from Debug\stm8s_clk.o ***
_CLK_SlowActiveHaltWakeUpCmd     ********   *** removed from Debug\stm8s_clk.o ***
_CLK_PeripheralClockConfig       ********   *** removed from Debug\stm8s_clk.o ***
_CLK_ClockSwitchConfig           ********   *** removed from Debug\stm8s_clk.o ***
_CLK_HSIPrescalerConfig          000080e4   defined in Debug\stm8s_clk.o section .text
                                            used in Debug\clk.o
_CLK_ClockSecuritySystemEnable   ********   *** removed from Debug\stm8s_clk.o ***
_CLK_GetClockFreq                000080f7   defined in Debug\stm8s_clk.o section .text
                                            used in Debug\stm8s_uart1.o
_CLK_CCOConfig                   ********   *** removed from Debug\stm8s_clk.o ***
_CLK_ITConfig                    ********   *** removed from Debug\stm8s_clk.o ***
_CLK_SYSCLKConfig                ********   *** removed from Debug\stm8s_clk.o ***
_CLK_SWIMConfig                  ********   *** removed from Debug\stm8s_clk.o ***
_CLK_GetSYSCLKSource             ********   *** removed from Debug\stm8s_clk.o ***
_CLK_ClearITPendingBit           ********   *** removed from Debug\stm8s_clk.o ***
_UART1_DeInit                    0000816b   defined in Debug\stm8s_uart1.o section .text
                                            used in Debug\uart.o
_CLK_GetFlagStatus               ********   *** removed from Debug\stm8s_clk.o ***
_CLK_GetITStatus                 ********   *** removed from Debug\stm8s_clk.o ***
_CLK_AdjustHSICalibrationValue   ********   *** removed from Debug\stm8s_clk.o ***
_CLK_SYSCLKEmergencyClear        ********   *** removed from Debug\stm8s_clk.o ***
_UART1_Init                      00008196   defined in Debug\stm8s_uart1.o section .text
                                            used in Debug\uart.o
_UART1_Cmd                       000082d6   defined in Debug\stm8s_uart1.o section .text
                                            used in Debug\uart.o
_UART1_ITConfig                  000082e4   defined in Debug\stm8s_uart1.o section .text
                                            used in Debug\uart.o
_UART1_HalfDuplexCmd             ********   *** removed from Debug\stm8s_uart1.o ***
_UART1_IrDACmd                   ********   *** removed from Debug\stm8s_uart1.o ***
_UART1_LINCmd                    ********   *** removed from Debug\stm8s_uart1.o ***
_UART1_SmartCardCmd              ********   *** removed from Debug\stm8s_uart1.o ***
_UART1_SmartCardNACKCmd          ********   *** removed from Debug\stm8s_uart1.o ***
_UART1_ReceiverWakeUpCmd         ********   *** removed from Debug\stm8s_uart1.o ***
_UART1_IrDAConfig                ********   *** removed from Debug\stm8s_uart1.o ***
_UART1_LINBreakDetectionConfig   ********   *** removed from Debug\stm8s_uart1.o ***
_UART1_WakeUpConfig              ********   *** removed from Debug\stm8s_uart1.o ***
_UART1_ReceiveData8              00008355   defined in Debug\stm8s_uart1.o section .text
                                            used in Debug\interrupts.o
_UART1_ReceiveData9              ********   *** removed from Debug\stm8s_uart1.o ***
_UART1_SendData8                 00008359   defined in Debug\stm8s_uart1.o section .text
                                            used in Debug\uart.o
_UART1_SendData9                 ********   *** removed from Debug\stm8s_uart1.o ***
_UART1_SetPrescaler              ********   *** removed from Debug\stm8s_uart1.o ***
_UART1_SendBreak                 ********   *** removed from Debug\stm8s_uart1.o ***
_UART1_SetAddress                ********   *** removed from Debug\stm8s_uart1.o ***
_UART1_GetFlagStatus             0000835d   defined in Debug\stm8s_uart1.o section .text
                                            used in Debug\uart.o
_UART1_SetGuardTime              ********   *** removed from Debug\stm8s_uart1.o ***
_UART1_ClearFlag                 ********   *** removed from Debug\stm8s_uart1.o ***
_UART1_ClearITPendingBit         000083a0   defined in Debug\stm8s_uart1.o section .text
                                            used in Debug\interrupts.o
_UART1_GetITStatus               ********   *** removed from Debug\stm8s_uart1.o ***
_clkInit                         000083b0   defined in Debug\clk.o section .text
                                            used in Debug\init.o
_init                            000083b6   defined in Debug\init.o section .text
                                            used in Debug\main.o
f_uartReceive8Interrupt          000083be   defined in Debug\interrupts.o section .text
                                            used in Debug\stm8_interrupt_vector.o
f_uartTxCompleteInterrupt        000083e9   defined in Debug\interrupts.o section .text
                                            used in Debug\stm8_interrupt_vector.o
_main                            00008411   defined in Debug\main.o section .text
                                            used in C:\Program Files (x86)\COSMIC\CXSTM8_EVAL\Lib\crtsi0.sm8
_uartInit                        00008416   defined in Debug\uart.o section .text
                                            used in Debug\init.o
_uartTransmit                    0000843f   defined in Debug\uart.o section .text
_uartSendString                  00008450   defined in Debug\uart.o section .text
_uartSendStringAsync             ********   *** removed from Debug\uart.o ***
_uartTxComplete                  00008468   defined in Debug\uart.o section .text
                                            used in Debug\interrupts.o
_uartStringReceived              00008487   defined in Debug\uart.o section .text
_uartReceive8                    0000848b   defined in Debug\uart.o section .text
                                            used in Debug\interrupts.o
c_llsh                           000084ae   defined in (C:\Program Files (x86)\COSMIC\CXSTM8_EVAL\Lib\libm0.sm8)llsh.o section .text
                                            used in Debug\stm8s_uart1.o
c_lsub                           000084bd   defined in (C:\Program Files (x86)\COSMIC\CXSTM8_EVAL\Lib\libm0.sm8)lsub.o section .text
                                            used in Debug\stm8s_uart1.o
c_ltor                           000084d5   defined in (C:\Program Files (x86)\COSMIC\CXSTM8_EVAL\Lib\libm0.sm8)ltor.o section .text
                                            used in Debug\stm8s_clk.o
                                                    Debug\stm8s_uart1.o
c_ludv                           000084e7   defined in (C:\Program Files (x86)\COSMIC\CXSTM8_EVAL\Lib\libm0.sm8)ludiv.o section .text
                                            used in Debug\stm8s_clk.o
                                                    Debug\stm8s_uart1.o
c_divsl                          000084fb   defined in (C:\Program Files (x86)\COSMIC\CXSTM8_EVAL\Lib\libm0.sm8)ldiv.o section .text
                                            *** not used ***
c_divul                          00008512   defined in (C:\Program Files (x86)\COSMIC\CXSTM8_EVAL\Lib\libm0.sm8)ldiv.o section .text
                                            used in (C:\Program Files (x86)\COSMIC\CXSTM8_EVAL\Lib\libm0.sm8)ludiv.o
c_lgneg                          000085e6   defined in (C:\Program Files (x86)\COSMIC\CXSTM8_EVAL\Lib\libm0.sm8)lgneg.o section .text
                                            used in (C:\Program Files (x86)\COSMIC\CXSTM8_EVAL\Lib\libm0.sm8)ldiv.o
c_lneg                           000085f9   defined in (C:\Program Files (x86)\COSMIC\CXSTM8_EVAL\Lib\libm0.sm8)lneg.o section .text
                                            used in (C:\Program Files (x86)\COSMIC\CXSTM8_EVAL\Lib\libm0.sm8)ldiv.o
c_lursh                          0000860e   defined in (C:\Program Files (x86)\COSMIC\CXSTM8_EVAL\Lib\libm0.sm8)lursh.o section .text
                                            used in Debug\stm8s_uart1.o
c_rtol                           0000861d   defined in (C:\Program Files (x86)\COSMIC\CXSTM8_EVAL\Lib\libm0.sm8)rtol.o section .text
                                            used in Debug\stm8s_clk.o
                                                    Debug\stm8s_uart1.o
c_smul                           0000862f   defined in (C:\Program Files (x86)\COSMIC\CXSTM8_EVAL\Lib\libm0.sm8)smul.o section .text
                                            used in Debug\stm8s_uart1.o
f_NonHandledInterrupt            0000866e   defined in Debug\stm8_interrupt_vector.o section .text
