
Map of Debug\uarttest.sm8 from link file Debug\uarttest.lkf - Tue Feb 07 17:40:52 2023


                               --------
                               Segments
                               --------

start 00008080 end 00008090 length    16 segment .const
start 00008093 end 000085e7 length  1364 segment .text
start 00004000 end 00004000 length     0 segment .eeprom
start 00000000 end 00000000 length     0 segment .bsct
start 00000000 end 0000000a length    10 segment .ubsct
start 0000000a end 0000000a length     0 segment .bit
start 0000000a end 0000000a length     0 segment .share
start 00000100 end 00000100 length     0 segment .data
start 00000100 end 00000100 length     0 segment .bss
start 00000000 end 000006d7 length  1751 segment .info.
start 00000000 end 00003001 length 12289 segment .debug
start 00008000 end 00008080 length   128 segment .const
start 00008090 end 00008093 length     3 segment .init


                               -------
                               Modules
                               -------

C:\Program Files (x86)\COSMIC\CXSTM8_EVAL\Lib\crtsi0.sm8:
start 00008093 end 000080de length    75 section .text
start 00000100 end 00000100 length     0 section .bss
start 00000000 end 00000000 length     0 section .ubsct
start 00000000 end 00000030 length    48 section .info.

Debug\stm8s_clk.o:
start 00000000 end 0000166f length  5743 section .debug
start 00000030 end 000000b2 length   130 section .info.
start 00008080 end 0000808c length    12 section .const
start ******** end ******** length     0 section .text *** removed ***
start ******** end ******** length     0 section .text *** removed ***
start ******** end ******** length     0 section .text *** removed ***
start ******** end ******** length     0 section .text *** removed ***
start ******** end ******** length     0 section .text *** removed ***
start ******** end ******** length     0 section .text *** removed ***
start ******** end ******** length     0 section .text *** removed ***
start ******** end ******** length     0 section .text *** removed ***
start ******** end ******** length     0 section .text *** removed ***
start ******** end ******** length     0 section .text *** removed ***
start 000080de end 000080f1 length    19 section .text
start ******** end ******** length     0 section .text *** removed ***
start ******** end ******** length     0 section .text *** removed ***
start ******** end ******** length     0 section .text *** removed ***
start ******** end ******** length     0 section .text *** removed ***
start ******** end ******** length     0 section .text *** removed ***
start ******** end ******** length     0 section .text *** removed ***
start 000080f1 end 00008165 length   116 section .text
start ******** end ******** length     0 section .text *** removed ***
start ******** end ******** length     0 section .text *** removed ***
start ******** end ******** length     0 section .text *** removed ***
start ******** end ******** length     0 section .text *** removed ***
start ******** end ******** length     0 section .text *** removed ***

Debug\stm8s_uart1.o:
start 0000166f end 00002a5b length  5100 section .debug
start 000000b2 end 00000136 length   132 section .info.
start 00008165 end 00008190 length    43 section .text
start 0000808c end 00008090 length     4 section .const
start 00008190 end 000082d0 length   320 section .text
start 000082d0 end 000082de length    14 section .text
start 000082de end 0000834f length   113 section .text
start ******** end ******** length     0 section .text *** removed ***
start ******** end ******** length     0 section .text *** removed ***
start ******** end ******** length     0 section .text *** removed ***
start ******** end ******** length     0 section .text *** removed ***
start ******** end ******** length     0 section .text *** removed ***
start ******** end ******** length     0 section .text *** removed ***
start ******** end ******** length     0 section .text *** removed ***
start ******** end ******** length     0 section .text *** removed ***
start ******** end ******** length     0 section .text *** removed ***
start 0000834f end 00008353 length     4 section .text
start ******** end ******** length     0 section .text *** removed ***
start 00008353 end 00008357 length     4 section .text
start ******** end ******** length     0 section .text *** removed ***
start ******** end ******** length     0 section .text *** removed ***
start ******** end ******** length     0 section .text *** removed ***
start ******** end ******** length     0 section .text *** removed ***
start ******** end ******** length     0 section .text *** removed ***
start 00008357 end 0000839a length    67 section .text
start ******** end ******** length     0 section .text *** removed ***
start ******** end ******** length     0 section .text *** removed ***
start 0000839a end 000083aa length    16 section .text

Debug\clk.o:
start 00002a5b end 00002b0b length   176 section .debug
start 00000136 end 000001b2 length   124 section .info.
start 000083aa end 000083b0 length     6 section .text

Debug\init.o:
start 00002b0b end 00002bb9 length   174 section .debug
start 000001b2 end 0000022f length   125 section .info.
start 000083b0 end 000083b8 length     8 section .text

Debug\interrupts.o:
start 00002bb9 end 00002c7e length   197 section .debug
start 0000022f end 000002b2 length   131 section .info.
start 000083b8 end 000083e3 length    43 section .text

Debug\main.o:
start 00002c7e end 00002d2c length   174 section .debug
start 000002b2 end 0000032f length   125 section .info.
start 000083e3 end 000083e8 length     5 section .text

Debug\uart.o:
start 00002d2c end 00002e96 length   362 section .debug
start 0000032f end 000003ac length   125 section .info.
start 000083e8 end 00008411 length    41 section .text
start 00008411 end 00008422 length    17 section .text
start 00008422 end 00008426 length     4 section .text

(C:\Program Files (x86)\COSMIC\CXSTM8_EVAL\Lib\libm0.sm8)llsh.o:
start 00008426 end 00008435 length    15 section .text
start 000003ac end 000003db length    47 section .info.

(C:\Program Files (x86)\COSMIC\CXSTM8_EVAL\Lib\libm0.sm8)lreg.o:
start 00000000 end 00000004 length     4 section .ubsct
start 000003db end 0000040a length    47 section .info.

(C:\Program Files (x86)\COSMIC\CXSTM8_EVAL\Lib\libm0.sm8)lsub.o:
start 00008435 end 0000844d length    24 section .text
start 0000040a end 00000439 length    47 section .info.

(C:\Program Files (x86)\COSMIC\CXSTM8_EVAL\Lib\libm0.sm8)ltor.o:
start 0000844d end 0000845f length    18 section .text
start 00000439 end 00000468 length    47 section .info.

(C:\Program Files (x86)\COSMIC\CXSTM8_EVAL\Lib\libm0.sm8)ludiv.o:
start 0000845f end 00008473 length    20 section .text
start 00000468 end 00000498 length    48 section .info.

(C:\Program Files (x86)\COSMIC\CXSTM8_EVAL\Lib\libm0.sm8)ldiv.o:
start 00008473 end 0000855e length   235 section .text
start 00000498 end 000004c7 length    47 section .info.

(C:\Program Files (x86)\COSMIC\CXSTM8_EVAL\Lib\libm0.sm8)lgneg.o:
start 0000855e end 00008571 length    19 section .text
start 000004c7 end 000004f7 length    48 section .info.

(C:\Program Files (x86)\COSMIC\CXSTM8_EVAL\Lib\libm0.sm8)lneg.o:
start 00008571 end 00008586 length    21 section .text
start 000004f7 end 00000526 length    47 section .info.

(C:\Program Files (x86)\COSMIC\CXSTM8_EVAL\Lib\libm0.sm8)lursh.o:
start 00008586 end 00008595 length    15 section .text
start 00000526 end 00000556 length    48 section .info.

(C:\Program Files (x86)\COSMIC\CXSTM8_EVAL\Lib\libm0.sm8)rtol.o:
start 00008595 end 000085a7 length    18 section .text
start 00000556 end 00000585 length    47 section .info.

(C:\Program Files (x86)\COSMIC\CXSTM8_EVAL\Lib\libm0.sm8)smul.o:
start 000085a7 end 000085e6 length    63 section .text
start 00000585 end 000005b4 length    47 section .info.

(C:\Program Files (x86)\COSMIC\CXSTM8_EVAL\Lib\libm0.sm8)xreg.o:
start 00000004 end 00000007 length     3 section .ubsct
start 000005b4 end 000005e3 length    47 section .info.

(C:\Program Files (x86)\COSMIC\CXSTM8_EVAL\Lib\libm0.sm8)yreg.o:
start 00000007 end 0000000a length     3 section .ubsct
start 000005e3 end 00000612 length    47 section .info.

Debug\stm8_interrupt_vector.o:
start 00002e96 end 00003001 length   363 section .debug
start 00000612 end 000006a0 length   142 section .info.
start 000085e6 end 000085e7 length     1 section .text
start 00008000 end 00008080 length   128 section .const


                             -----------
                             Stack usage
                             -----------

Debug\clk.o:
_clkInit                       5   (2)

Debug\init.o:
_init                         52   (2)

Debug\interrupts.o:
f_uartReceive8Interrupt   >   22   (12)

Debug\main.o:
_main                     >   54   (2)

Debug\stm8_interrupt_vector.o:
f_NonHandledInterrupt     >    6   (6)

Debug\stm8s_clk.o:
_CLK_GetClockFreq             25   (11)
_CLK_HSIPrescalerConfig        3   (3)

Debug\stm8s_uart1.o:
_UART1_ClearITPendingBit       2   (2)
_UART1_Cmd                     2   (2)
_UART1_DeInit                  2   (2)
_UART1_GetFlagStatus           5   (5)
_UART1_ITConfig                7   (7)
_UART1_Init                   48   (23)
_UART1_ReceiveData8            2   (2)
_UART1_SendData8               2   (2)

Debug\uart.o:
_uartInit                     50   (2)
_uartReceive8                 10   (2)
_uartTransmit                  8   (3)

Stack size: 76


                              ---------
                              Call tree
                              ---------
   1 > __stext: (0)

   2 > _main: (2)
   3      + _init: (2)
   4      |    + _clkInit: (2)
   5      |    |    + _CLK_HSIPrescalerConfig: (3)
          |    | 
   6      |    + _uartInit: (2)
   7      |    |    + _UART1_Cmd: (2)
   8      |    |    + _UART1_DeInit: (2)
   9      |    |    + _UART1_ITConfig: (7)
  10      |    |    + _UART1_Init: (23)
  11      |    |    |    + _CLK_GetClockFreq: (11)
          |    |    | 
          |    | 
          | 
       
  12 > f_NonHandledInterrupt: (6)

  13 > f_uartReceive8Interrupt: (12)
  14      + _UART1_ClearITPendingBit: (2)
  15      + _UART1_ReceiveData8: (2)
  16      + _uartReceive8: (2)
  17      |    + _uartTransmit: (3)
  18      |    |    + _UART1_GetFlagStatus: (5)
  19      |    |    + _UART1_SendData8: (2)
          |    | 
          | 
       
  20   _CLK_GetClockFreq --> 11

  21   _CLK_HSIPrescalerConfig --> 5

  22   _UART1_ClearITPendingBit --> 14

  23   _UART1_Cmd --> 7

  24   _UART1_DeInit --> 8

  25   _UART1_GetFlagStatus --> 18

  26   _UART1_ITConfig --> 9

  27   _UART1_Init --> 10

  28   _UART1_ReceiveData8 --> 15

  29   _UART1_SendData8 --> 19

  30   _clkInit --> 4

  31   _init --> 3

  32   _uartInit --> 6

  33   _uartReceive8 --> 16

  34   _uartTransmit --> 17



                               -------
                               Symbols
                               -------

c_lreg                           00000000   defined in (C:\Program Files (x86)\COSMIC\CXSTM8_EVAL\Lib\libm0.sm8)lreg.o section .ubsct
                                            used in Debug\stm8s_clk.o
                                                    Debug\stm8s_uart1.o
                                                    (C:\Program Files (x86)\COSMIC\CXSTM8_EVAL\Lib\libm0.sm8)llsh.o
                                                    (C:\Program Files (x86)\COSMIC\CXSTM8_EVAL\Lib\libm0.sm8)lsub.o
                                                    (C:\Program Files (x86)\COSMIC\CXSTM8_EVAL\Lib\libm0.sm8)ltor.o
                                                    (C:\Program Files (x86)\COSMIC\CXSTM8_EVAL\Lib\libm0.sm8)ldiv.o
                                                    (C:\Program Files (x86)\COSMIC\CXSTM8_EVAL\Lib\libm0.sm8)lneg.o
                                                    (C:\Program Files (x86)\COSMIC\CXSTM8_EVAL\Lib\libm0.sm8)lursh.o
                                                    (C:\Program Files (x86)\COSMIC\CXSTM8_EVAL\Lib\libm0.sm8)rtol.o
                                                    (C:\Program Files (x86)\COSMIC\CXSTM8_EVAL\Lib\libm0.sm8)smul.o
c_x                              00000004   defined in (C:\Program Files (x86)\COSMIC\CXSTM8_EVAL\Lib\libm0.sm8)xreg.o section .ubsct
                                            used in C:\Program Files (x86)\COSMIC\CXSTM8_EVAL\Lib\crtsi0.sm8
                                                    Debug\interrupts.o
                                                    (C:\Program Files (x86)\COSMIC\CXSTM8_EVAL\Lib\libm0.sm8)ldiv.o
c_y                              00000007   defined in (C:\Program Files (x86)\COSMIC\CXSTM8_EVAL\Lib\libm0.sm8)yreg.o section .ubsct
                                            used in C:\Program Files (x86)\COSMIC\CXSTM8_EVAL\Lib\crtsi0.sm8
                                                    Debug\interrupts.o
__endzp                          0000000a   defined in command file section .ubsct
                                            used in C:\Program Files (x86)\COSMIC\CXSTM8_EVAL\Lib\crtsi0.sm8
__startmem                       00000100   defined in command file section .bss
                                            *** not used ***
__memory                         00000100   defined in command file section .bss
                                            used in C:\Program Files (x86)\COSMIC\CXSTM8_EVAL\Lib\crtsi0.sm8
__endmem                         000001ff   defined in command file
                                            *** not used ***
__stack                          000003ff   defined in command file
                                            used in C:\Program Files (x86)\COSMIC\CXSTM8_EVAL\Lib\crtsi0.sm8
__vectab                         00008000   defined in Debug\stm8_interrupt_vector.o section .const
_HSIDivFactor                    00008080   defined in Debug\stm8s_clk.o section .const
_CLKPrescTable                   00008084   defined in Debug\stm8s_clk.o section .const
__idesc__                        00008090   defined in linker section .init
                                            used in C:\Program Files (x86)\COSMIC\CXSTM8_EVAL\Lib\crtsi0.sm8
__stext                          00008093   defined in C:\Program Files (x86)\COSMIC\CXSTM8_EVAL\Lib\crtsi0.sm8 section .text
                                            used in Debug\stm8_interrupt_vector.o
_exit                            000080dc   defined in C:\Program Files (x86)\COSMIC\CXSTM8_EVAL\Lib\crtsi0.sm8 section .text
_CLK_DeInit                      ********   *** removed from Debug\stm8s_clk.o ***
_CLK_FastHaltWakeUpCmd           ********   *** removed from Debug\stm8s_clk.o ***
_CLK_HSECmd                      ********   *** removed from Debug\stm8s_clk.o ***
_CLK_HSICmd                      ********   *** removed from Debug\stm8s_clk.o ***
_CLK_LSICmd                      ********   *** removed from Debug\stm8s_clk.o ***
_CLK_CCOCmd                      ********   *** removed from Debug\stm8s_clk.o ***
_CLK_ClockSwitchCmd              ********   *** removed from Debug\stm8s_clk.o ***
_CLK_SlowActiveHaltWakeUpCmd     ********   *** removed from Debug\stm8s_clk.o ***
_CLK_PeripheralClockConfig       ********   *** removed from Debug\stm8s_clk.o ***
_CLK_ClockSwitchConfig           ********   *** removed from Debug\stm8s_clk.o ***
_CLK_HSIPrescalerConfig          000080de   defined in Debug\stm8s_clk.o section .text
                                            used in Debug\clk.o
_CLK_ClockSecuritySystemEnable   ********   *** removed from Debug\stm8s_clk.o ***
_CLK_GetClockFreq                000080f1   defined in Debug\stm8s_clk.o section .text
                                            used in Debug\stm8s_uart1.o
_CLK_CCOConfig                   ********   *** removed from Debug\stm8s_clk.o ***
_CLK_ITConfig                    ********   *** removed from Debug\stm8s_clk.o ***
_CLK_SYSCLKConfig                ********   *** removed from Debug\stm8s_clk.o ***
_CLK_SWIMConfig                  ********   *** removed from Debug\stm8s_clk.o ***
_CLK_GetSYSCLKSource             ********   *** removed from Debug\stm8s_clk.o ***
_CLK_ClearITPendingBit           ********   *** removed from Debug\stm8s_clk.o ***
_UART1_DeInit                    00008165   defined in Debug\stm8s_uart1.o section .text
                                            used in Debug\uart.o
_CLK_GetFlagStatus               ********   *** removed from Debug\stm8s_clk.o ***
_CLK_GetITStatus                 ********   *** removed from Debug\stm8s_clk.o ***
_CLK_AdjustHSICalibrationValue   ********   *** removed from Debug\stm8s_clk.o ***
_CLK_SYSCLKEmergencyClear        ********   *** removed from Debug\stm8s_clk.o ***
_UART1_Init                      00008190   defined in Debug\stm8s_uart1.o section .text
                                            used in Debug\uart.o
_UART1_Cmd                       000082d0   defined in Debug\stm8s_uart1.o section .text
                                            used in Debug\uart.o
_UART1_ITConfig                  000082de   defined in Debug\stm8s_uart1.o section .text
                                            used in Debug\uart.o
_UART1_HalfDuplexCmd             ********   *** removed from Debug\stm8s_uart1.o ***
_UART1_IrDACmd                   ********   *** removed from Debug\stm8s_uart1.o ***
_UART1_LINCmd                    ********   *** removed from Debug\stm8s_uart1.o ***
_UART1_SmartCardCmd              ********   *** removed from Debug\stm8s_uart1.o ***
_UART1_SmartCardNACKCmd          ********   *** removed from Debug\stm8s_uart1.o ***
_UART1_ReceiverWakeUpCmd         ********   *** removed from Debug\stm8s_uart1.o ***
_UART1_IrDAConfig                ********   *** removed from Debug\stm8s_uart1.o ***
_UART1_LINBreakDetectionConfig   ********   *** removed from Debug\stm8s_uart1.o ***
_UART1_WakeUpConfig              ********   *** removed from Debug\stm8s_uart1.o ***
_UART1_ReceiveData8              0000834f   defined in Debug\stm8s_uart1.o section .text
                                            used in Debug\interrupts.o
_UART1_ReceiveData9              ********   *** removed from Debug\stm8s_uart1.o ***
_UART1_SendData8                 00008353   defined in Debug\stm8s_uart1.o section .text
                                            used in Debug\uart.o
_UART1_SendData9                 ********   *** removed from Debug\stm8s_uart1.o ***
_UART1_SetPrescaler              ********   *** removed from Debug\stm8s_uart1.o ***
_UART1_SendBreak                 ********   *** removed from Debug\stm8s_uart1.o ***
_UART1_SetAddress                ********   *** removed from Debug\stm8s_uart1.o ***
_UART1_GetFlagStatus             00008357   defined in Debug\stm8s_uart1.o section .text
                                            used in Debug\uart.o
_UART1_SetGuardTime              ********   *** removed from Debug\stm8s_uart1.o ***
_UART1_ClearFlag                 ********   *** removed from Debug\stm8s_uart1.o ***
_UART1_ClearITPendingBit         0000839a   defined in Debug\stm8s_uart1.o section .text
                                            used in Debug\interrupts.o
_UART1_GetITStatus               ********   *** removed from Debug\stm8s_uart1.o ***
_clkInit                         000083aa   defined in Debug\clk.o section .text
                                            used in Debug\init.o
_init                            000083b0   defined in Debug\init.o section .text
                                            used in Debug\main.o
f_uartReceive8Interrupt          000083b8   defined in Debug\interrupts.o section .text
                                            used in Debug\stm8_interrupt_vector.o
_main                            000083e3   defined in Debug\main.o section .text
                                            used in C:\Program Files (x86)\COSMIC\CXSTM8_EVAL\Lib\crtsi0.sm8
_uartInit                        000083e8   defined in Debug\uart.o section .text
                                            used in Debug\init.o
_uartTransmit                    00008411   defined in Debug\uart.o section .text
_uartReceive8                    00008422   defined in Debug\uart.o section .text
                                            used in Debug\interrupts.o
c_llsh                           00008426   defined in (C:\Program Files (x86)\COSMIC\CXSTM8_EVAL\Lib\libm0.sm8)llsh.o section .text
                                            used in Debug\stm8s_uart1.o
c_lsub                           00008435   defined in (C:\Program Files (x86)\COSMIC\CXSTM8_EVAL\Lib\libm0.sm8)lsub.o section .text
                                            used in Debug\stm8s_uart1.o
c_ltor                           0000844d   defined in (C:\Program Files (x86)\COSMIC\CXSTM8_EVAL\Lib\libm0.sm8)ltor.o section .text
                                            used in Debug\stm8s_clk.o
                                                    Debug\stm8s_uart1.o
c_ludv                           0000845f   defined in (C:\Program Files (x86)\COSMIC\CXSTM8_EVAL\Lib\libm0.sm8)ludiv.o section .text
                                            used in Debug\stm8s_clk.o
                                                    Debug\stm8s_uart1.o
c_divsl                          00008473   defined in (C:\Program Files (x86)\COSMIC\CXSTM8_EVAL\Lib\libm0.sm8)ldiv.o section .text
                                            *** not used ***
c_divul                          0000848a   defined in (C:\Program Files (x86)\COSMIC\CXSTM8_EVAL\Lib\libm0.sm8)ldiv.o section .text
                                            used in (C:\Program Files (x86)\COSMIC\CXSTM8_EVAL\Lib\libm0.sm8)ludiv.o
c_lgneg                          0000855e   defined in (C:\Program Files (x86)\COSMIC\CXSTM8_EVAL\Lib\libm0.sm8)lgneg.o section .text
                                            used in (C:\Program Files (x86)\COSMIC\CXSTM8_EVAL\Lib\libm0.sm8)ldiv.o
c_lneg                           00008571   defined in (C:\Program Files (x86)\COSMIC\CXSTM8_EVAL\Lib\libm0.sm8)lneg.o section .text
                                            used in (C:\Program Files (x86)\COSMIC\CXSTM8_EVAL\Lib\libm0.sm8)ldiv.o
c_lursh                          00008586   defined in (C:\Program Files (x86)\COSMIC\CXSTM8_EVAL\Lib\libm0.sm8)lursh.o section .text
                                            used in Debug\stm8s_uart1.o
c_rtol                           00008595   defined in (C:\Program Files (x86)\COSMIC\CXSTM8_EVAL\Lib\libm0.sm8)rtol.o section .text
                                            used in Debug\stm8s_clk.o
                                                    Debug\stm8s_uart1.o
c_smul                           000085a7   defined in (C:\Program Files (x86)\COSMIC\CXSTM8_EVAL\Lib\libm0.sm8)smul.o section .text
                                            used in Debug\stm8s_uart1.o
f_NonHandledInterrupt            000085e6   defined in Debug\stm8_interrupt_vector.o section .text
